0xea,0x0,0x0,0x0,0x8,0x69,0x73,0x6d,0x61,0x73,0x74,0x65,0x72,0x0,0x1,0x3,0x63,0x6c,0x69,0x65,0x6e,0x74,0x0,0xc0,0x0,0x0,0x0,0x3,0x64,0x72,0x69,0x76,0x65,0x72,0x0,0x29,0x0,0x0,0x0,0x2,0x6e,0x61,0x6d,0x65,0x0,0x7,0x0,0x0,0x0,0x6e,0x6f,0x64,0x65,0x6a,0x73,0x0,0x2,0x76,0x65,0x72,0x73,0x69,0x6f,0x6e,0x0,0x6,0x0,0x0,0x0,0x33,0x2e,0x34,0x2e,0x31,0x0,0x0,0x3,0x6f,0x73,0x0,0x58,0x0,0x0,0x0,0x2,0x74,0x79,0x70,0x65,0x0,0xb,0x0,0x0,0x0,0x57,0x69,0x6e,0x64,0x6f,0x77,0x73,0x5f,0x4e,0x54,0x0,0x2,0x6e,0x61,0x6d,0x65,0x0,0x6,0x0,0x0,0x0,0x77,0x69,0x6e,0x33,0x32,0x0,0x2,0x61,0x72,0x63,0x68,0x69,0x74,0x65,0x63,0x74,0x75,0x72,0x65,0x0,0x4,0x0,0x0,0x0,0x78,0x36,0x34,0x0,0x2,0x76,0x65,0x72,0x73,0x69,0x6f,0x6e,0x0,0xb,0x0,0x0,0x0,0x31,0x30,0x2e,0x30,0x2e,0x31,0x38,0x33,0x36,0x32,0x0,0x0,0x2,0x70,0x6c,0x61,0x74,0x66,0x6f,0x72,0x6d,0x0,0x20,0x0,0x0,0x0,0x27,0x4e,0x6f,0x64,0x65,0x2e,0x6a,0x73,0x20,0x76,0x31,0x32,0x2e,0x31,0x32,0x2e,0x30,0x2c,0x20,0x4c,0x45,0x20,0x28,0x75,0x6e,0x69,0x66,0x69,0x65,0x64,0x29,0x0,0x0,0x4,0x63,0x6f,0x6d,0x70,0x72,0x65,0x73,0x73,0x69,0x6f,0x6e,0x0,0x5,0x0,0x0,0x0,0x0,0x0,